#-----------------------------------------------------------
# Vivado v2024.1 (64-bit)
# SW Build 5076996 on Wed May 22 18:36:09 MDT 2024
# IP Build 5075265 on Wed May 22 21:45:21 MDT 2024
# SharedData Build 5076995 on Wed May 22 18:29:18 MDT 2024
# Start of session at: Mon Sep 30 16:28:28 2024
# Process ID: 191798
# Current directory: /home/moonknight/SoC/gpio/gpio.tmp/gpio_v1_0_project/gpio_v1_0_project.runs/synth_1
# Command line: vivado -log gpio.vds -product Vivado -mode batch -messageDb vivado.pb -notrace -source gpio.tcl
# Log file: /home/moonknight/SoC/gpio/gpio.tmp/gpio_v1_0_project/gpio_v1_0_project.runs/synth_1/gpio.vds
# Journal file: /home/moonknight/SoC/gpio/gpio.tmp/gpio_v1_0_project/gpio_v1_0_project.runs/synth_1/vivado.jou
# Running On        :inspiron-7472
# Platform          :Ubuntu
# Operating System  :Ubuntu 22.04.5 LTS
# Processor Detail  :Intel(R) Core(TM) i7-8550U CPU @ 1.80GHz
# CPU Frequency     :1799.983 MHz
# CPU Physical cores:4
# CPU Logical cores :8
# Host memory       :16660 MB
# Swap memory       :2147 MB
# Total Virtual     :18808 MB
# Available Virtual :11503 MB
#-----------------------------------------------------------
source gpio.tcl -notrace
